DEFAULT (raw: true):
[
  {
    Title: 'Book 1',
    Author: 'Author A',
    'Class No': '006.7',
    'book no': '2177BCA',
    'Acc NO': '123'
  },
  {
    Title: 'Book 2',
    Author: 'Author B',
    'Class No': '005.13',
    'book no': '2178BCA',
    'Acc NO': '124'
  },
  {
    Title: 'Book 3',
    Author: 'Author C',
    'Class No': 6.7,
    'book no': '300',
    'Acc NO': '125'
  }
]

WITH raw: false:
[
  {
    Title: 'Book 1',
    Author: 'Author A',
    'Class No': '006.7',
    'book no': '2177BCA',
    'Acc NO': '123'
  },
  {
    Title: 'Book 2',
    Author: 'Author B',
    'Class No': '005.13',
    'book no': '2178BCA',
    'Acc NO': '124'
  },
  {
    Title: 'Book 3',
    Author: 'Author C',
    'Class No': '6.7',
    'book no': '300',
    'Acc NO': '125'
  }
]

WITH defval: '', raw: false:
[
  {
    Title: 'Book 1',
    Author: 'Author A',
    'Class No': '006.7',
    'book no': '2177BCA',
    'Acc NO': '123'
  },
  {
    Title: 'Book 2',
    Author: 'Author B',
    'Class No': '005.13',
    'book no': '2178BCA',
    'Acc NO': '124'
  },
  {
    Title: 'Book 3',
    Author: 'Author C',
    'Class No': '6.7',
    'book no': '300',
    'Acc NO': '125'
  }
]
